Running Gradle task 'assembleRelease'...                        
Running Gradle task 'assembleRelease'...                           13.5s
